statement: 96/10,000 (1.0%)
statement: 192/10,000 (1.9%)
statement: 288/10,000 (2.9%)
statement: 384/10,000 (3.8%)
statement: 480/10,000 (4.8%)
statement: 576/10,000 (5.8%)
statement: 672/10,000 (6.7%)
statement: 768/10,000 (7.7%)
statement: 864/10,000 (8.6%)
statement: 960/10,000 (9.6%)
statement: 1,056/10,000 (10.6%)
statement: 1,152/10,000 (11.5%)
statement: 1,248/10,000 (12.5%)
statement: 1,344/10,000 (13.4%)
statement: 1,440/10,000 (14.4%)
statement: 1,536/10,000 (15.4%)
statement: 1,632/10,000 (16.3%)
statement: 1,728/10,000 (17.3%)
statement: 1,824/10,000 (18.2%)
statement: 1,920/10,000 (19.2%)
statement: 2,016/10,000 (20.2%)
statement: 2,112/10,000 (21.1%)
statement: 2,208/10,000 (22.1%)
statement: 2,304/10,000 (23.0%)
statement: 2,400/10,000 (24.0%)
statement: 2,496/10,000 (25.0%)
statement: 2,592/10,000 (25.9%)
statement: 2,688/10,000 (26.9%)
statement: 2,784/10,000 (27.8%)
statement: 2,880/10,000 (28.8%)
statement: 2,976/10,000 (29.8%)
statement: 3,072/10,000 (30.7%)
statement: 3,168/10,000 (31.7%)
statement: 3,264/10,000 (32.6%)
statement: 3,360/10,000 (33.6%)
statement: 3,456/10,000 (34.6%)
statement: 3,552/10,000 (35.5%)
statement: 3,648/10,000 (36.5%)
statement: 3,744/10,000 (37.4%)
statement: 3,840/10,000 (38.4%)
statement: 3,936/10,000 (39.4%)
statement: 4,032/10,000 (40.3%)
statement: 4,128/10,000 (41.3%)
statement: 4,224/10,000 (42.2%)
statement: 4,320/10,000 (43.2%)
statement: 4,416/10,000 (44.2%)
statement: 4,512/10,000 (45.1%)
statement: 4,608/10,000 (46.1%)
statement: 4,704/10,000 (47.0%)
statement: 4,800/10,000 (48.0%)
statement: 4,896/10,000 (49.0%)
statement: 4,992/10,000 (49.9%)
statement: 5,088/10,000 (50.9%)
statement: 5,184/10,000 (51.8%)
statement: 5,280/10,000 (52.8%)
statement: 5,376/10,000 (53.8%)
statement: 5,472/10,000 (54.7%)
statement: 5,568/10,000 (55.7%)
statement: 5,664/10,000 (56.6%)
statement: 5,760/10,000 (57.6%)
statement: 5,856/10,000 (58.6%)
statement: 5,952/10,000 (59.5%)
statement: 6,048/10,000 (60.5%)
statement: 6,144/10,000 (61.4%)
statement: 6,240/10,000 (62.4%)
statement: 6,336/10,000 (63.4%)
statement: 6,432/10,000 (64.3%)
statement: 6,528/10,000 (65.3%)
statement: 6,624/10,000 (66.2%)
statement: 6,720/10,000 (67.2%)
statement: 6,816/10,000 (68.2%)
statement: 6,912/10,000 (69.1%)
statement: 7,008/10,000 (70.1%)
statement: 7,104/10,000 (71.0%)
statement: 7,200/10,000 (72.0%)
statement: 7,296/10,000 (73.0%)
statement: 7,392/10,000 (73.9%)
statement: 7,488/10,000 (74.9%)
statement: 7,584/10,000 (75.8%)
statement: 7,680/10,000 (76.8%)
statement: 7,776/10,000 (77.8%)
statement: 7,872/10,000 (78.7%)
statement: 7,968/10,000 (79.7%)
statement: 8,064/10,000 (80.6%)
statement: 8,160/10,000 (81.6%)
statement: 8,256/10,000 (82.6%)
statement: 8,352/10,000 (83.5%)
statement: 8,448/10,000 (84.5%)
statement: 8,544/10,000 (85.4%)
statement: 8,640/10,000 (86.4%)
statement: 8,736/10,000 (87.4%)
statement: 8,832/10,000 (88.3%)
statement: 8,928/10,000 (89.3%)
statement: 9,024/10,000 (90.2%)
statement: 9,120/10,000 (91.2%)
statement: 9,216/10,000 (92.2%)
statement: 9,312/10,000 (93.1%)
statement: 9,408/10,000 (94.1%)
statement: 9,504/10,000 (95.0%)
statement: 9,600/10,000 (96.0%)
statement: 9,696/10,000 (97.0%)
statement: 9,792/10,000 (97.9%)
statement: 9,888/10,000 (98.9%)
statement: 9,984/10,000 (99.8%)
statement: 10,000/10,000 (100.0%)
proof: 96/10,000 (1.0%)
proof: 192/10,000 (1.9%)
proof: 288/10,000 (2.9%)
proof: 384/10,000 (3.8%)
proof: 480/10,000 (4.8%)
proof: 576/10,000 (5.8%)
proof: 672/10,000 (6.7%)
proof: 768/10,000 (7.7%)
proof: 864/10,000 (8.6%)
proof: 960/10,000 (9.6%)
proof: 1,056/10,000 (10.6%)
proof: 1,152/10,000 (11.5%)
proof: 1,248/10,000 (12.5%)
proof: 1,344/10,000 (13.4%)
proof: 1,440/10,000 (14.4%)
proof: 1,536/10,000 (15.4%)
proof: 1,632/10,000 (16.3%)
proof: 1,728/10,000 (17.3%)
proof: 1,824/10,000 (18.2%)
proof: 1,920/10,000 (19.2%)
proof: 2,016/10,000 (20.2%)
proof: 2,112/10,000 (21.1%)
proof: 2,208/10,000 (22.1%)
proof: 2,304/10,000 (23.0%)
proof: 2,400/10,000 (24.0%)
proof: 2,496/10,000 (25.0%)
proof: 2,592/10,000 (25.9%)
proof: 2,688/10,000 (26.9%)
proof: 2,784/10,000 (27.8%)
proof: 2,880/10,000 (28.8%)
proof: 2,976/10,000 (29.8%)
proof: 3,072/10,000 (30.7%)
proof: 3,168/10,000 (31.7%)
proof: 3,264/10,000 (32.6%)
proof: 3,360/10,000 (33.6%)
proof: 3,456/10,000 (34.6%)
proof: 3,552/10,000 (35.5%)
proof: 3,648/10,000 (36.5%)
proof: 3,744/10,000 (37.4%)
proof: 3,840/10,000 (38.4%)
proof: 3,936/10,000 (39.4%)
proof: 4,032/10,000 (40.3%)
proof: 4,128/10,000 (41.3%)
proof: 4,224/10,000 (42.2%)
proof: 4,320/10,000 (43.2%)
proof: 4,416/10,000 (44.2%)
proof: 4,512/10,000 (45.1%)
proof: 4,608/10,000 (46.1%)
proof: 4,704/10,000 (47.0%)
proof: 4,800/10,000 (48.0%)
proof: 4,896/10,000 (49.0%)
proof: 4,992/10,000 (49.9%)
proof: 5,088/10,000 (50.9%)
proof: 5,184/10,000 (51.8%)
proof: 5,280/10,000 (52.8%)
proof: 5,376/10,000 (53.8%)
proof: 5,472/10,000 (54.7%)
proof: 5,568/10,000 (55.7%)
proof: 5,664/10,000 (56.6%)
proof: 5,760/10,000 (57.6%)
proof: 5,856/10,000 (58.6%)
proof: 5,952/10,000 (59.5%)
proof: 6,048/10,000 (60.5%)
proof: 6,144/10,000 (61.4%)
proof: 6,240/10,000 (62.4%)
proof: 6,336/10,000 (63.4%)
proof: 6,432/10,000 (64.3%)
proof: 6,528/10,000 (65.3%)
proof: 6,624/10,000 (66.2%)
proof: 6,720/10,000 (67.2%)
proof: 6,816/10,000 (68.2%)
proof: 6,912/10,000 (69.1%)
proof: 7,008/10,000 (70.1%)
proof: 7,104/10,000 (71.0%)
proof: 7,200/10,000 (72.0%)
proof: 7,296/10,000 (73.0%)
proof: 7,392/10,000 (73.9%)
proof: 7,488/10,000 (74.9%)
proof: 7,584/10,000 (75.8%)
proof: 7,680/10,000 (76.8%)
proof: 7,776/10,000 (77.8%)
proof: 7,872/10,000 (78.7%)
proof: 7,968/10,000 (79.7%)
proof: 8,064/10,000 (80.6%)
proof: 8,160/10,000 (81.6%)
proof: 8,256/10,000 (82.6%)
proof: 8,352/10,000 (83.5%)
proof: 8,448/10,000 (84.5%)
proof: 8,544/10,000 (85.4%)
proof: 8,640/10,000 (86.4%)
proof: 8,736/10,000 (87.4%)
proof: 8,832/10,000 (88.3%)
proof: 8,928/10,000 (89.3%)
proof: 9,024/10,000 (90.2%)
proof: 9,120/10,000 (91.2%)
proof: 9,216/10,000 (92.2%)
proof: 9,312/10,000 (93.1%)
proof: 9,408/10,000 (94.1%)
proof: 9,504/10,000 (95.0%)
proof: 9,600/10,000 (96.0%)
proof: 9,696/10,000 (97.0%)
proof: 9,792/10,000 (97.9%)
proof: 9,888/10,000 (98.9%)
proof: 9,984/10,000 (99.8%)
proof: 10,000/10,000 (100.0%)
joint: 96/10,000 (1.0%)
joint: 192/10,000 (1.9%)
joint: 288/10,000 (2.9%)
joint: 384/10,000 (3.8%)
joint: 480/10,000 (4.8%)
joint: 576/10,000 (5.8%)
joint: 672/10,000 (6.7%)
joint: 768/10,000 (7.7%)
joint: 864/10,000 (8.6%)
joint: 960/10,000 (9.6%)
joint: 1,056/10,000 (10.6%)
joint: 1,152/10,000 (11.5%)
joint: 1,248/10,000 (12.5%)
joint: 1,344/10,000 (13.4%)
joint: 1,440/10,000 (14.4%)
joint: 1,536/10,000 (15.4%)
joint: 1,632/10,000 (16.3%)
joint: 1,728/10,000 (17.3%)
joint: 1,824/10,000 (18.2%)
joint: 1,920/10,000 (19.2%)
joint: 2,016/10,000 (20.2%)
joint: 2,112/10,000 (21.1%)
joint: 2,208/10,000 (22.1%)
joint: 2,304/10,000 (23.0%)
joint: 2,400/10,000 (24.0%)
joint: 2,496/10,000 (25.0%)
joint: 2,592/10,000 (25.9%)
joint: 2,688/10,000 (26.9%)
joint: 2,784/10,000 (27.8%)
joint: 2,880/10,000 (28.8%)
joint: 2,976/10,000 (29.8%)
joint: 3,072/10,000 (30.7%)
joint: 3,168/10,000 (31.7%)
joint: 3,264/10,000 (32.6%)
joint: 3,360/10,000 (33.6%)
joint: 3,456/10,000 (34.6%)
joint: 3,552/10,000 (35.5%)
joint: 3,648/10,000 (36.5%)
joint: 3,744/10,000 (37.4%)
joint: 3,840/10,000 (38.4%)
joint: 3,936/10,000 (39.4%)
joint: 4,032/10,000 (40.3%)
joint: 4,128/10,000 (41.3%)
joint: 4,224/10,000 (42.2%)
joint: 4,320/10,000 (43.2%)
joint: 4,416/10,000 (44.2%)
joint: 4,512/10,000 (45.1%)
joint: 4,608/10,000 (46.1%)
joint: 4,704/10,000 (47.0%)
joint: 4,800/10,000 (48.0%)
joint: 4,896/10,000 (49.0%)
joint: 4,992/10,000 (49.9%)
joint: 5,088/10,000 (50.9%)
joint: 5,184/10,000 (51.8%)
joint: 5,280/10,000 (52.8%)
joint: 5,376/10,000 (53.8%)
joint: 5,472/10,000 (54.7%)
joint: 5,568/10,000 (55.7%)
joint: 5,664/10,000 (56.6%)
joint: 5,760/10,000 (57.6%)
joint: 5,856/10,000 (58.6%)
joint: 5,952/10,000 (59.5%)
joint: 6,048/10,000 (60.5%)
joint: 6,144/10,000 (61.4%)
joint: 6,240/10,000 (62.4%)
joint: 6,336/10,000 (63.4%)
joint: 6,432/10,000 (64.3%)
joint: 6,528/10,000 (65.3%)
joint: 6,624/10,000 (66.2%)
joint: 6,720/10,000 (67.2%)
joint: 6,816/10,000 (68.2%)
joint: 6,912/10,000 (69.1%)
joint: 7,008/10,000 (70.1%)
joint: 7,104/10,000 (71.0%)
joint: 7,200/10,000 (72.0%)
joint: 7,296/10,000 (73.0%)
joint: 7,392/10,000 (73.9%)
joint: 7,488/10,000 (74.9%)
joint: 7,584/10,000 (75.8%)
joint: 7,680/10,000 (76.8%)
joint: 7,776/10,000 (77.8%)
joint: 7,872/10,000 (78.7%)
joint: 7,968/10,000 (79.7%)
joint: 8,064/10,000 (80.6%)
joint: 8,160/10,000 (81.6%)
joint: 8,256/10,000 (82.6%)
joint: 8,352/10,000 (83.5%)
joint: 8,448/10,000 (84.5%)
joint: 8,544/10,000 (85.4%)
joint: 8,640/10,000 (86.4%)
joint: 8,736/10,000 (87.4%)
joint: 8,832/10,000 (88.3%)
joint: 8,928/10,000 (89.3%)
joint: 9,024/10,000 (90.2%)
joint: 9,120/10,000 (91.2%)
joint: 9,216/10,000 (92.2%)
joint: 9,312/10,000 (93.1%)
joint: 9,408/10,000 (94.1%)
joint: 9,504/10,000 (95.0%)
joint: 9,600/10,000 (96.0%)
joint: 9,696/10,000 (97.0%)
joint: 9,792/10,000 (97.9%)
joint: 9,888/10,000 (98.9%)
joint: 9,984/10,000 (99.8%)
joint: 10,000/10,000 (100.0%)
{
  "experiment_id": "semantic-embeddings-10000",
  "transport": "AWS CLI subprocess calling bedrock-runtime invoke-model",
  "embedding_config": {
    "provider": "Amazon Bedrock",
    "transport": "AWS CLI",
    "region": "us-east-1",
    "model_id": "cohere.embed-v4:0",
    "input_type": "clustering",
    "embedding_type": "float",
    "output_dimension": 1024,
    "batch_size": 96,
    "max_tokens": 128000,
    "truncate": "NONE",
    "max_attempts": 10,
    "estimated_price_usd_per_million_text_tokens": 0.12
  },
  "aws": {
    "aws_cli_version": "aws-cli/2.35.8 Python/3.14.5 Windows/11 exe/AMD64",
    "identity_verified": true,
    "identity_arn_type": "user"
  },
  "views": {
    "statement": {
      "inputs": 10000,
      "characters": 1496751,
      "batches": 105,
      "new_aws_cli_calls": 105,
      "reused_batches": 0,
      "retries": 0,
      "shape": [
        10000,
        1024
      ],
      "dtype": "float32",
      "norm_minimum": 0.9999998211860657,
      "norm_mean": 1.0,
      "norm_maximum": 1.0000001192092896,
      "elapsed_seconds": 254.86565649998374,
      "path": "artifacts/embeddings/statement.npy",
      "sha256": "930e01dc5d22debc9824eaf1043c2107c3b19f2243d3b1b7a459b35829d780d4"
    },
    "proof": {
      "inputs": 10000,
      "characters": 2266862,
      "batches": 105,
      "new_aws_cli_calls": 105,
      "reused_batches": 0,
      "retries": 0,
      "shape": [
        10000,
        1024
      ],
      "dtype": "float32",
      "norm_minimum": 0.9999998211860657,
      "norm_mean": 1.0,
      "norm_maximum": 1.0000001192092896,
      "elapsed_seconds": 292.1524199999403,
      "path": "artifacts/embeddings/proof.npy",
      "sha256": "c58b01459d4fa178b984be05d10fdf83dc3ce1244303370ffaaebaf0d87037cd"
    },
    "joint": {
      "inputs": 10000,
      "characters": 3783613,
      "batches": 105,
      "new_aws_cli_calls": 105,
      "reused_batches": 0,
      "retries": 22,
      "shape": [
        10000,
        1024
      ],
      "dtype": "float32",
      "norm_minimum": 0.9999998211860657,
      "norm_mean": 1.0,
      "norm_maximum": 1.0000001192092896,
      "elapsed_seconds": 510.118543199962,
      "path": "artifacts/embeddings/joint.npy",
      "sha256": "7d3cefa4b6ab526b3aa39cac95a82f84f4c435284368f5178cb1761b7315cce3"
    }
  },
  "total_characters": 7547226,
  "estimated_tokens": {
    "at_4_characters_per_token": 1886806.5,
    "at_3_characters_per_token": 2515742.0,
    "at_2_5_characters_per_token": 3018890.4
  },
  "estimated_embedding_cost_usd": {
    "at_4_characters_per_token": 0.22641677999999998,
    "at_3_characters_per_token": 0.30188904,
    "at_2_5_characters_per_token": 0.362266848
  },
  "elapsed_seconds": 1057.6939679998904
}
